// Jest Snapshot v1, https://goo.gl/fbAQLP

exports[`Deprecate Express should add deprecation metadata to Express tokens 1`] = `
{
  "corner-radius-100": {
    "sets": {
      "express": {
        "sets": {
          "desktop": {
            "deprecated": true,
            "deprecated_comment": "Express will merge with Spectrum with the release of Spectrum 2.",
            "value": "6px",
          },
          "mobile": {
            "deprecated": true,
            "deprecated_comment": "Express will merge with Spectrum with the release of Spectrum 2.",
            "value": "8px",
          },
        },
      },
      "spectrum": {
        "sets": {
          "desktop": {
            "value": "4px",
          },
          "mobile": {
            "value": "5px",
          },
        },
      },
    },
  },
  "foo": {
    "express": {
      "deprecated": true,
      "deprecated_comment": "Express will merge with Spectrum with the release of Spectrum 2.",
      "value": "bar",
    },
  },
}
`;
